[1m[0mINFO[0m[1m[23m[24m[27m[28m[29m[39m[49m[0m[0m[1m[23m[24m[27m[28m[29m[39m[49m[22m [[3m2025-08-14 23:18:33[23m] [38;5;246mStarting OmicSelector optimized analysis[39m[0m[0m[22m[23m[24m[27m[28m[29m[39m[49m
[1m[0mINFO[0m[1m[23m[24m[27m[28m[29m[39m[49m[0m[0m[1m[23m[24m[27m[28m[29m[39m[49m[22m [[3m2025-08-14 23:18:33[23m] [38;5;246mParameters: data_path=/private/var/folders/91/ncvx51q14l7dfz0wfgjkq4pr0000gn/T/Rtmp6kBclQ, methods=c(1, 2), class_column=Class, case_label=Case, control_label=Control, feature_prefix=hsa_, max_features=3, max_iterations=2, p_threshold=0.05, fc_threshold=1, parallel_cores=1, timeout_minutes=1, output_dir=/Users/konrad/Documents/GitHub/OmicSelector/omicselector_results[39m[0m[0m[22m[23m[24m[27m[28m[29m[39m[49m
[1m[0mINFO[0m[1m[23m[24m[27m[28m[29m[39m[49m[0m[0m[1m[23m[24m[27m[28m[29m[39m[49m[22m [[3m2025-08-14 23:18:33[23m] [38;5;246mLoading and validating data from /var/folders/91/ncvx51q14l7dfz0wfgjkq4pr0000gn/T//Rtmp6kBclQ[39m[0m[0m[22m[23m[24m[27m[28m[29m[39m[49m
[1m[0mINFO[0m[1m[23m[24m[27m[28m[29m[39m[49m[0m[0m[1m[23m[24m[27m[28m[29m[39m[49m[22m [[3m2025-08-14 23:18:33[23m] [38;5;246mFound 3 features with prefix 'hsa_'[39m[0m[0m[22m[23m[24m[27m[28m[29m[39m[49m
[1m[0mINFO[0m[1m[23m[24m[27m[28m[29m[39m[49m[0m[0m[1m[23m[24m[27m[28m[29m[39m[49m[22m [[3m2025-08-14 23:18:33[23m] [38;5;246mClass distribution in training: Control 15, Case 20[39m[0m[0m[22m[23m[24m[27m[28m[29m[39m[49m
[1m[0mINFO[0m[1m[23m[24m[27m[28m[29m[39m[49m[0m[0m[1m[23m[24m[27m[28m[29m[39m[49m[22m [[3m2025-08-14 23:18:33[23m] [38;5;246mApplying SMOTE for class balancing[39m[0m[0m[22m[23m[24m[27m[28m[29m[39m[49m
[1m[0mINFO[0m[1m[23m[24m[27m[28m[29m[39m[49m[0m[0m[1m[23m[24m[27m[28m[29m[39m[49m[22m [[3m2025-08-14 23:18:33[23m] [38;5;246mSMOTE completed. New training size: 90[39m[0m[0m[22m[23m[24m[27m[28m[29m[39m[49m
[1m[0mINFO[0m[1m[23m[24m[27m[28m[29m[39m[49m[0m[0m[1m[23m[24m[27m[28m[29m[39m[49m[22m [[3m2025-08-14 23:18:33[23m] [38;5;246mSMOTE class distribution: Control 45, Case 45[39m[0m[0m[22m[23m[24m[27m[28m[29m[39m[49m
[1m[0mINFO[0m[1m[23m[24m[27m[28m[29m[39m[49m[0m[0m[1m[23m[24m[27m[28m[29m[39m[49m[22m [[3m2025-08-14 23:18:33[23m] [38;5;246mData loaded successfully:[39m[0m[0m[22m[23m[24m[27m[28m[29m[39m[49m
[1m[0mINFO[0m[1m[23m[24m[27m[28m[29m[39m[49m[0m[0m[1m[23m[24m[27m[28m[29m[39m[49m[22m [[3m2025-08-14 23:18:33[23m] [38;5;246m  Training samples: 35 (20 Case, 15 Control)[39m[0m[0m[22m[23m[24m[27m[28m[29m[39m[49m
[1m[0mINFO[0m[1m[23m[24m[27m[28m[29m[39m[49m[0m[0m[1m[23m[24m[27m[28m[29m[39m[49m[22m [[3m2025-08-14 23:18:33[23m] [38;5;246m  Test samples: 35[39m[0m[0m[22m[23m[24m[27m[28m[29m[39m[49m
[1m[0mINFO[0m[1m[23m[24m[27m[28m[29m[39m[49m[0m[0m[1m[23m[24m[27m[28m[29m[39m[49m[22m [[3m2025-08-14 23:18:33[23m] [38;5;246m  Validation samples: 35[39m[0m[0m[22m[23m[24m[27m[28m[29m[39m[49m
[1m[0mINFO[0m[1m[23m[24m[27m[28m[29m[39m[49m[0m[0m[1m[23m[24m[27m[28m[29m[39m[49m[22m [[3m2025-08-14 23:18:33[23m] [38;5;246m  Features: 3 (prefix: hsa_ )[39m[0m[0m[22m[23m[24m[27m[28m[29m[39m[49m
[1m[0mINFO[0m[1m[23m[24m[27m[28m[29m[39m[49m[0m[0m[1m[23m[24m[27m[28m[29m[39m[49m[22m [[3m2025-08-14 23:18:33[23m] [38;5;246m  SMOTE samples: 90[39m[0m[0m[22m[23m[24m[27m[28m[29m[39m[49m
[1m[0mINFO[0m[1m[23m[24m[27m[28m[29m[39m[49m[0m[0m[1m[23m[24m[27m[28m[29m[39m[49m[22m [[3m2025-08-14 23:18:33[23m] [38;5;246mPerforming differential expression analysis[39m[0m[0m[22m[23m[24m[27m[28m[29m[39m[49m
[1m[0mINFO[0m[1m[23m[24m[27m[28m[29m[39m[49m[0m[0m[1m[23m[24m[27m[28m[29m[39m[49m[22m [[3m2025-08-14 23:18:33[23m] [38;5;246mSetting up parallel processing[39m[0m[0m[22m[23m[24m[27m[28m[29m[39m[49m
[1m[0mINFO[0m[1m[23m[24m[27m[28m[29m[39m[49m[0m[0m[1m[23m[24m[27m[28m[29m[39m[49m[22m [[3m2025-08-14 23:18:33[23m] [38;5;246mUsing sequential processing[39m[0m[0m[22m[23m[24m[27m[28m[29m[39m[49m
[1m[0mINFO[0m[1m[23m[24m[27m[28m[29m[39m[49m[0m[0m[1m[23m[24m[27m[28m[29m[39m[49m[22m [[3m2025-08-14 23:18:34[23m] [38;5;246mExecuting 2 feature selection methods[39m[0m[0m[22m[23m[24m[27m[28m[29m[39m[49m
[1m[0mINFO[0m[1m[23m[24m[27m[28m[29m[39m[49m[0m[0m[1m[23m[24m[27m[28m[29m[39m[49m[22m [[3m2025-08-14 23:18:34[23m] [38;5;246mProcessing method 1 : All Features[39m[0m[0m[22m[23m[24m[27m[28m[29m[39m[49m
[1m[0mINFO[0m[1m[23m[24m[27m[28m[29m[39m[49m[0m[0m[1m[23m[24m[27m[28m[29m[39m[49m[22m [[3m2025-08-14 23:18:34[23m] [38;5;246mMethod 1: Selecting all features[39m[0m[0m[22m[23m[24m[27m[28m[29m[39m[49m
[1m[0mINFO[0m[1m[23m[24m[27m[28m[29m[39m[49m[0m[0m[1m[23m[24m[27m[28m[29m[39m[49m[22m [[3m2025-08-14 23:18:34[23m] [38;5;246mProcessing method 2 : Significant Features (t-test)[39m[0m[0m[22m[23m[24m[27m[28m[29m[39m[49m
[1m[0mINFO[0m[1m[23m[24m[27m[28m[29m[39m[49m[0m[0m[1m[23m[24m[27m[28m[29m[39m[49m[22m [[3m2025-08-14 23:18:34[23m] [38;5;246mMethod 2: Selecting significant features (n=2)[39m[0m[0m[22m[23m[24m[27m[28m[29m[39m[49m
[1m[0mINFO[0m[1m[23m[24m[27m[28m[29m[39m[49m[0m[0m[1m[23m[24m[27m[28m[29m[39m[49m[22m [[3m2025-08-14 23:18:34[23m] [38;5;246mSummary Statistics:[39m[0m[0m[22m[23m[24m[27m[28m[29m[39m[49m
[1m[0mINFO[0m[1m[23m[24m[27m[28m[29m[39m[49m[0m[0m[1m[23m[24m[27m[28m[29m[39m[49m[22m [[3m2025-08-14 23:18:34[23m] [38;5;246m  Successful methods: 2 / 2 (100%)[39m[0m[0m[22m[23m[24m[27m[28m[29m[39m[49m
[1m[0mINFO[0m[1m[23m[24m[27m[28m[29m[39m[49m[0m[0m[1m[23m[24m[27m[28m[29m[39m[49m[22m [[3m2025-08-14 23:18:34[23m] [38;5;246m  Average features selected: 2.5[39m[0m[0m[22m[23m[24m[27m[28m[29m[39m[49m
[1m[0mINFO[0m[1m[23m[24m[27m[28m[29m[39m[49m[0m[0m[1m[23m[24m[27m[28m[29m[39m[49m[22m [[3m2025-08-14 23:18:34[23m] [38;5;246m  Total execution time: 0 seconds[39m[0m[0m[22m[23m[24m[27m[28m[29m[39m[49m
[1m[0mINFO[0m[1m[23m[24m[27m[28m[29m[39m[49m[0m[0m[1m[23m[24m[27m[28m[29m[39m[49m[22m [[3m2025-08-14 23:18:34[23m] [38;5;246m  Significant features found: 2[39m[0m[0m[22m[23m[24m[27m[28m[29m[39m[49m
[1m[0mINFO[0m[1m[23m[24m[27m[28m[29m[39m[49m[0m[0m[1m[23m[24m[27m[28m[29m[39m[49m[22m [[3m2025-08-14 23:18:34[23m] [38;5;246mResults saved to ./omicselector_results/final_results.rds[39m[0m[0m[22m[23m[24m[27m[28m[29m[39m[49m
[1m[0mINFO[0m[1m[23m[24m[27m[28m[29m[39m[49m[0m[0m[1m[23m[24m[27m[28m[29m[39m[49m[22m [[3m2025-08-14 23:18:34[23m] [38;5;246mOmicSelector analysis completed successfully[39m[0m[0m[22m[23m[24m[27m[28m[29m[39m[49m
[1m[0mINFO[0m[1m[23m[24m[27m[28m[29m[39m[49m[0m[0m[1m[23m[24m[27m[28m[29m[39m[49m[22m [[3m2025-08-14 23:18:34[23m] [38;5;246mTotal runtime: 0 minutes[39m[0m[0m[22m[23m[24m[27m[28m[29m[39m[49m
[1m[0mINFO[0m[1m[23m[24m[27m[28m[29m[39m[49m[0m[0m[1m[23m[24m[27m[28m[29m[39m[49m[22m [[3m2025-08-14 23:18:34[23m] [38;5;246mMethods completed: 2 / 2[39m[0m[0m[22m[23m[24m[27m[28m[29m[39m[49m
[1m[0mINFO[0m[1m[23m[24m[27m[28m[29m[39m[49m[0m[0m[1m[23m[24m[27m[28m[29m[39m[49m[22m [[3m2025-08-14 23:24:12[23m] [38;5;246mStarting OmicSelector optimized analysis[39m[0m[0m[22m[23m[24m[27m[28m[29m[39m[49m
[1m[0mINFO[0m[1m[23m[24m[27m[28m[29m[39m[49m[0m[0m[1m[23m[24m[27m[28m[29m[39m[49m[22m [[3m2025-08-14 23:24:12[23m] [38;5;246mParameters: data_path=/private/var/folders/91/ncvx51q14l7dfz0wfgjkq4pr0000gn/T/RtmpLiUdRY, methods=4, class_column=Class, case_label=Case, control_label=Control, feature_prefix=hsa_, max_features=3, max_iterations=1, p_threshold=0.05, fc_threshold=1, parallel_cores=1, timeout_minutes=1, output_dir=/Users/konrad/Documents/GitHub/OmicSelector/omicselector_results[39m[0m[0m[22m[23m[24m[27m[28m[29m[39m[49m
[1m[0mINFO[0m[1m[23m[24m[27m[28m[29m[39m[49m[0m[0m[1m[23m[24m[27m[28m[29m[39m[49m[22m [[3m2025-08-14 23:24:12[23m] [38;5;246mLoading and validating data from /var/folders/91/ncvx51q14l7dfz0wfgjkq4pr0000gn/T//RtmpLiUdRY[39m[0m[0m[22m[23m[24m[27m[28m[29m[39m[49m
[1m[0mINFO[0m[1m[23m[24m[27m[28m[29m[39m[49m[0m[0m[1m[23m[24m[27m[28m[29m[39m[49m[22m [[3m2025-08-14 23:24:12[23m] [38;5;246mFound 3 features with prefix 'hsa_'[39m[0m[0m[22m[23m[24m[27m[28m[29m[39m[49m
[1m[0mINFO[0m[1m[23m[24m[27m[28m[29m[39m[49m[0m[0m[1m[23m[24m[27m[28m[29m[39m[49m[22m [[3m2025-08-14 23:24:12[23m] [38;5;246mClass distribution in training: Control 10, Case 15[39m[0m[0m[22m[23m[24m[27m[28m[29m[39m[49m
[1m[0mINFO[0m[1m[23m[24m[27m[28m[29m[39m[49m[0m[0m[1m[23m[24m[27m[28m[29m[39m[49m[22m [[3m2025-08-14 23:24:12[23m] [38;5;246mApplying SMOTE for class balancing[39m[0m[0m[22m[23m[24m[27m[28m[29m[39m[49m
[1m[0mINFO[0m[1m[23m[24m[27m[28m[29m[39m[49m[0m[0m[1m[23m[24m[27m[28m[29m[39m[49m[22m [[3m2025-08-14 23:24:13[23m] [38;5;246mSMOTE completed. New training size: 60[39m[0m[0m[22m[23m[24m[27m[28m[29m[39m[49m
[1m[0mINFO[0m[1m[23m[24m[27m[28m[29m[39m[49m[0m[0m[1m[23m[24m[27m[28m[29m[39m[49m[22m [[3m2025-08-14 23:24:13[23m] [38;5;246mSMOTE class distribution: Control 30, Case 30[39m[0m[0m[22m[23m[24m[27m[28m[29m[39m[49m
[1m[0mINFO[0m[1m[23m[24m[27m[28m[29m[39m[49m[0m[0m[1m[23m[24m[27m[28m[29m[39m[49m[22m [[3m2025-08-14 23:24:13[23m] [38;5;246mData loaded successfully:[39m[0m[0m[22m[23m[24m[27m[28m[29m[39m[49m
[1m[0mINFO[0m[1m[23m[24m[27m[28m[29m[39m[49m[0m[0m[1m[23m[24m[27m[28m[29m[39m[49m[22m [[3m2025-08-14 23:24:13[23m] [38;5;246m  Training samples: 25 (15 Case, 10 Control)[39m[0m[0m[22m[23m[24m[27m[28m[29m[39m[49m
[1m[0mINFO[0m[1m[23m[24m[27m[28m[29m[39m[49m[0m[0m[1m[23m[24m[27m[28m[29m[39m[49m[22m [[3m2025-08-14 23:24:13[23m] [38;5;246m  Test samples: 25[39m[0m[0m[22m[23m[24m[27m[28m[29m[39m[49m
[1m[0mINFO[0m[1m[23m[24m[27m[28m[29m[39m[49m[0m[0m[1m[23m[24m[27m[28m[29m[39m[49m[22m [[3m2025-08-14 23:24:13[23m] [38;5;246m  Validation samples: 25[39m[0m[0m[22m[23m[24m[27m[28m[29m[39m[49m
[1m[0mINFO[0m[1m[23m[24m[27m[28m[29m[39m[49m[0m[0m[1m[23m[24m[27m[28m[29m[39m[49m[22m [[3m2025-08-14 23:24:13[23m] [38;5;246m  Features: 3 (prefix: hsa_ )[39m[0m[0m[22m[23m[24m[27m[28m[29m[39m[49m
[1m[0mINFO[0m[1m[23m[24m[27m[28m[29m[39m[49m[0m[0m[1m[23m[24m[27m[28m[29m[39m[49m[22m [[3m2025-08-14 23:24:13[23m] [38;5;246m  SMOTE samples: 60[39m[0m[0m[22m[23m[24m[27m[28m[29m[39m[49m
[1m[0mINFO[0m[1m[23m[24m[27m[28m[29m[39m[49m[0m[0m[1m[23m[24m[27m[28m[29m[39m[49m[22m [[3m2025-08-14 23:24:13[23m] [38;5;246mPerforming differential expression analysis[39m[0m[0m[22m[23m[24m[27m[28m[29m[39m[49m
[1m[0mINFO[0m[1m[23m[24m[27m[28m[29m[39m[49m[0m[0m[1m[23m[24m[27m[28m[29m[39m[49m[22m [[3m2025-08-14 23:24:13[23m] [38;5;246mSetting up parallel processing[39m[0m[0m[22m[23m[24m[27m[28m[29m[39m[49m
[1m[0mINFO[0m[1m[23m[24m[27m[28m[29m[39m[49m[0m[0m[1m[23m[24m[27m[28m[29m[39m[49m[22m [[3m2025-08-14 23:24:13[23m] [38;5;246mUsing sequential processing[39m[0m[0m[22m[23m[24m[27m[28m[29m[39m[49m
[1m[0mINFO[0m[1m[23m[24m[27m[28m[29m[39m[49m[0m[0m[1m[23m[24m[27m[28m[29m[39m[49m[22m [[3m2025-08-14 23:24:13[23m] [38;5;246mExecuting 1 feature selection methods[39m[0m[0m[22m[23m[24m[27m[28m[29m[39m[49m
[1m[0mINFO[0m[1m[23m[24m[27m[28m[29m[39m[49m[0m[0m[1m[23m[24m[27m[28m[29m[39m[49m[22m [[3m2025-08-14 23:24:13[23m] [38;5;246mProcessing method 4 : Correlation-based Feature Selection (CFS)[39m[0m[0m[22m[23m[24m[27m[28m[29m[39m[49m
[1m[0mINFO[0m[1m[23m[24m[27m[28m[29m[39m[49m[0m[0m[1m[23m[24m[27m[28m[29m[39m[49m[22m [[3m2025-08-14 23:24:13[23m] [38;5;246mMethod 4: Correlation-based Feature Selection[39m[0m[0m[22m[23m[24m[27m[28m[29m[39m[49m
[1m[0mINFO[0m[1m[23m[24m[27m[28m[29m[39m[49m[0m[0m[1m[23m[24m[27m[28m[29m[39m[49m[22m [[3m2025-08-14 23:24:13[23m] [38;5;246mSummary Statistics:[39m[0m[0m[22m[23m[24m[27m[28m[29m[39m[49m
[1m[0mINFO[0m[1m[23m[24m[27m[28m[29m[39m[49m[0m[0m[1m[23m[24m[27m[28m[29m[39m[49m[22m [[3m2025-08-14 23:24:13[23m] [38;5;246m  Successful methods: 1 / 1 (100%)[39m[0m[0m[22m[23m[24m[27m[28m[29m[39m[49m
[1m[0mINFO[0m[1m[23m[24m[27m[28m[29m[39m[49m[0m[0m[1m[23m[24m[27m[28m[29m[39m[49m[22m [[3m2025-08-14 23:24:13[23m] [38;5;246m  Average features selected: 1[39m[0m[0m[22m[23m[24m[27m[28m[29m[39m[49m
[1m[0mINFO[0m[1m[23m[24m[27m[28m[29m[39m[49m[0m[0m[1m[23m[24m[27m[28m[29m[39m[49m[22m [[3m2025-08-14 23:24:13[23m] [38;5;246m  Total execution time: 0.7 seconds[39m[0m[0m[22m[23m[24m[27m[28m[29m[39m[49m
[1m[0mINFO[0m[1m[23m[24m[27m[28m[29m[39m[49m[0m[0m[1m[23m[24m[27m[28m[29m[39m[49m[22m [[3m2025-08-14 23:24:13[23m] [38;5;246m  Significant features found: NA[39m[0m[0m[22m[23m[24m[27m[28m[29m[39m[49m
[1m[0mINFO[0m[1m[23m[24m[27m[28m[29m[39m[49m[0m[0m[1m[23m[24m[27m[28m[29m[39m[49m[22m [[3m2025-08-14 23:24:13[23m] [38;5;246mResults saved to ./omicselector_results/final_results.rds[39m[0m[0m[22m[23m[24m[27m[28m[29m[39m[49m
[1m[0mINFO[0m[1m[23m[24m[27m[28m[29m[39m[49m[0m[0m[1m[23m[24m[27m[28m[29m[39m[49m[22m [[3m2025-08-14 23:24:13[23m] [38;5;246mOmicSelector analysis completed successfully[39m[0m[0m[22m[23m[24m[27m[28m[29m[39m[49m
[1m[0mINFO[0m[1m[23m[24m[27m[28m[29m[39m[49m[0m[0m[1m[23m[24m[27m[28m[29m[39m[49m[22m [[3m2025-08-14 23:24:13[23m] [38;5;246mTotal runtime: 0.02 minutes[39m[0m[0m[22m[23m[24m[27m[28m[29m[39m[49m
[1m[0mINFO[0m[1m[23m[24m[27m[28m[29m[39m[49m[0m[0m[1m[23m[24m[27m[28m[29m[39m[49m[22m [[3m2025-08-14 23:24:13[23m] [38;5;246mMethods completed: 1 / 1[39m[0m[0m[22m[23m[24m[27m[28m[29m[39m[49m
[1m[0mINFO[0m[1m[23m[24m[27m[28m[29m[39m[49m[0m[0m[1m[23m[24m[27m[28m[29m[39m[49m[22m [[3m2025-08-14 23:33:43[23m] [38;5;246mStarting OmicSelector optimized analysis[39m[0m[0m[22m[23m[24m[27m[28m[29m[39m[49m
[1m[0mINFO[0m[1m[23m[24m[27m[28m[29m[39m[49m[0m[0m[1m[23m[24m[27m[28m[29m[39m[49m[22m [[3m2025-08-14 23:33:43[23m] [38;5;246mParameters: data_path=/private/var/folders/91/ncvx51q14l7dfz0wfgjkq4pr0000gn/T/Rtmp6nmAzg, methods=c(1, 2), class_column=Class, case_label=Case, control_label=Control, feature_prefix=hsa_, max_features=3, max_iterations=2, p_threshold=0.05, fc_threshold=1, parallel_cores=1, timeout_minutes=1, output_dir=/Users/konrad/Documents/GitHub/OmicSelector/omicselector_results[39m[0m[0m[22m[23m[24m[27m[28m[29m[39m[49m
[1m[0mINFO[0m[1m[23m[24m[27m[28m[29m[39m[49m[0m[0m[1m[23m[24m[27m[28m[29m[39m[49m[22m [[3m2025-08-14 23:33:43[23m] [38;5;246mLoading and validating data from /var/folders/91/ncvx51q14l7dfz0wfgjkq4pr0000gn/T//Rtmp6nmAzg[39m[0m[0m[22m[23m[24m[27m[28m[29m[39m[49m
[1m[0mINFO[0m[1m[23m[24m[27m[28m[29m[39m[49m[0m[0m[1m[23m[24m[27m[28m[29m[39m[49m[22m [[3m2025-08-14 23:33:43[23m] [38;5;246mFound 3 features with prefix 'hsa_'[39m[0m[0m[22m[23m[24m[27m[28m[29m[39m[49m
[1m[0mINFO[0m[1m[23m[24m[27m[28m[29m[39m[49m[0m[0m[1m[23m[24m[27m[28m[29m[39m[49m[22m [[3m2025-08-14 23:33:43[23m] [38;5;246mClass distribution in training: Control 15, Case 20[39m[0m[0m[22m[23m[24m[27m[28m[29m[39m[49m
[1m[0mINFO[0m[1m[23m[24m[27m[28m[29m[39m[49m[0m[0m[1m[23m[24m[27m[28m[29m[39m[49m[22m [[3m2025-08-14 23:33:43[23m] [38;5;246mApplying SMOTE for class balancing[39m[0m[0m[22m[23m[24m[27m[28m[29m[39m[49m
[1m[0mINFO[0m[1m[23m[24m[27m[28m[29m[39m[49m[0m[0m[1m[23m[24m[27m[28m[29m[39m[49m[22m [[3m2025-08-14 23:33:43[23m] [38;5;246mSMOTE completed. New training size: 90[39m[0m[0m[22m[23m[24m[27m[28m[29m[39m[49m
[1m[0mINFO[0m[1m[23m[24m[27m[28m[29m[39m[49m[0m[0m[1m[23m[24m[27m[28m[29m[39m[49m[22m [[3m2025-08-14 23:33:43[23m] [38;5;246mSMOTE class distribution: Control 45, Case 45[39m[0m[0m[22m[23m[24m[27m[28m[29m[39m[49m
[1m[0mINFO[0m[1m[23m[24m[27m[28m[29m[39m[49m[0m[0m[1m[23m[24m[27m[28m[29m[39m[49m[22m [[3m2025-08-14 23:33:43[23m] [38;5;246mData loaded successfully:[39m[0m[0m[22m[23m[24m[27m[28m[29m[39m[49m
[1m[0mINFO[0m[1m[23m[24m[27m[28m[29m[39m[49m[0m[0m[1m[23m[24m[27m[28m[29m[39m[49m[22m [[3m2025-08-14 23:33:43[23m] [38;5;246m  Training samples: 35 (20 Case, 15 Control)[39m[0m[0m[22m[23m[24m[27m[28m[29m[39m[49m
[1m[0mINFO[0m[1m[23m[24m[27m[28m[29m[39m[49m[0m[0m[1m[23m[24m[27m[28m[29m[39m[49m[22m [[3m2025-08-14 23:33:43[23m] [38;5;246m  Test samples: 35[39m[0m[0m[22m[23m[24m[27m[28m[29m[39m[49m
[1m[0mINFO[0m[1m[23m[24m[27m[28m[29m[39m[49m[0m[0m[1m[23m[24m[27m[28m[29m[39m[49m[22m [[3m2025-08-14 23:33:43[23m] [38;5;246m  Validation samples: 35[39m[0m[0m[22m[23m[24m[27m[28m[29m[39m[49m
[1m[0mINFO[0m[1m[23m[24m[27m[28m[29m[39m[49m[0m[0m[1m[23m[24m[27m[28m[29m[39m[49m[22m [[3m2025-08-14 23:33:43[23m] [38;5;246m  Features: 3 (prefix: hsa_ )[39m[0m[0m[22m[23m[24m[27m[28m[29m[39m[49m
[1m[0mINFO[0m[1m[23m[24m[27m[28m[29m[39m[49m[0m[0m[1m[23m[24m[27m[28m[29m[39m[49m[22m [[3m2025-08-14 23:33:43[23m] [38;5;246m  SMOTE samples: 90[39m[0m[0m[22m[23m[24m[27m[28m[29m[39m[49m
[1m[0mINFO[0m[1m[23m[24m[27m[28m[29m[39m[49m[0m[0m[1m[23m[24m[27m[28m[29m[39m[49m[22m [[3m2025-08-14 23:33:43[23m] [38;5;246mPerforming differential expression analysis[39m[0m[0m[22m[23m[24m[27m[28m[29m[39m[49m
[1m[0mINFO[0m[1m[23m[24m[27m[28m[29m[39m[49m[0m[0m[1m[23m[24m[27m[28m[29m[39m[49m[22m [[3m2025-08-14 23:33:43[23m] [38;5;246mSetting up parallel processing[39m[0m[0m[22m[23m[24m[27m[28m[29m[39m[49m
[1m[0mINFO[0m[1m[23m[24m[27m[28m[29m[39m[49m[0m[0m[1m[23m[24m[27m[28m[29m[39m[49m[22m [[3m2025-08-14 23:33:43[23m] [38;5;246mUsing sequential processing[39m[0m[0m[22m[23m[24m[27m[28m[29m[39m[49m
[1m[0mINFO[0m[1m[23m[24m[27m[28m[29m[39m[49m[0m[0m[1m[23m[24m[27m[28m[29m[39m[49m[22m [[3m2025-08-14 23:33:43[23m] [38;5;246mExecuting 2 feature selection methods[39m[0m[0m[22m[23m[24m[27m[28m[29m[39m[49m
[1m[0mINFO[0m[1m[23m[24m[27m[28m[29m[39m[49m[0m[0m[1m[23m[24m[27m[28m[29m[39m[49m[22m [[3m2025-08-14 23:33:43[23m] [38;5;246mProcessing method 1 : All Features[39m[0m[0m[22m[23m[24m[27m[28m[29m[39m[49m
[1m[0mINFO[0m[1m[23m[24m[27m[28m[29m[39m[49m[0m[0m[1m[23m[24m[27m[28m[29m[39m[49m[22m [[3m2025-08-14 23:33:43[23m] [38;5;246mMethod 1: Selecting all features[39m[0m[0m[22m[23m[24m[27m[28m[29m[39m[49m
[1m[0mINFO[0m[1m[23m[24m[27m[28m[29m[39m[49m[0m[0m[1m[23m[24m[27m[28m[29m[39m[49m[22m [[3m2025-08-14 23:33:43[23m] [38;5;246mProcessing method 2 : Significant Features (t-test)[39m[0m[0m[22m[23m[24m[27m[28m[29m[39m[49m
[1m[0mINFO[0m[1m[23m[24m[27m[28m[29m[39m[49m[0m[0m[1m[23m[24m[27m[28m[29m[39m[49m[22m [[3m2025-08-14 23:33:43[23m] [38;5;246mMethod 2: Selecting significant features (n=2)[39m[0m[0m[22m[23m[24m[27m[28m[29m[39m[49m
[1m[0mINFO[0m[1m[23m[24m[27m[28m[29m[39m[49m[0m[0m[1m[23m[24m[27m[28m[29m[39m[49m[22m [[3m2025-08-14 23:33:43[23m] [38;5;246mSummary Statistics:[39m[0m[0m[22m[23m[24m[27m[28m[29m[39m[49m
[1m[0mINFO[0m[1m[23m[24m[27m[28m[29m[39m[49m[0m[0m[1m[23m[24m[27m[28m[29m[39m[49m[22m [[3m2025-08-14 23:33:43[23m] [38;5;246m  Successful methods: 2 / 2 (100%)[39m[0m[0m[22m[23m[24m[27m[28m[29m[39m[49m
[1m[0mINFO[0m[1m[23m[24m[27m[28m[29m[39m[49m[0m[0m[1m[23m[24m[27m[28m[29m[39m[49m[22m [[3m2025-08-14 23:33:43[23m] [38;5;246m  Average features selected: 2.5[39m[0m[0m[22m[23m[24m[27m[28m[29m[39m[49m
[1m[0mINFO[0m[1m[23m[24m[27m[28m[29m[39m[49m[0m[0m[1m[23m[24m[27m[28m[29m[39m[49m[22m [[3m2025-08-14 23:33:43[23m] [38;5;246m  Total execution time: 0 seconds[39m[0m[0m[22m[23m[24m[27m[28m[29m[39m[49m
[1m[0mINFO[0m[1m[23m[24m[27m[28m[29m[39m[49m[0m[0m[1m[23m[24m[27m[28m[29m[39m[49m[22m [[3m2025-08-14 23:33:43[23m] [38;5;246m  Significant features found: 2[39m[0m[0m[22m[23m[24m[27m[28m[29m[39m[49m
[1m[0mINFO[0m[1m[23m[24m[27m[28m[29m[39m[49m[0m[0m[1m[23m[24m[27m[28m[29m[39m[49m[22m [[3m2025-08-14 23:33:43[23m] [38;5;246mResults saved to ./omicselector_results/final_results.rds[39m[0m[0m[22m[23m[24m[27m[28m[29m[39m[49m
[1m[0mINFO[0m[1m[23m[24m[27m[28m[29m[39m[49m[0m[0m[1m[23m[24m[27m[28m[29m[39m[49m[22m [[3m2025-08-14 23:33:43[23m] [38;5;246mOmicSelector analysis completed successfully[39m[0m[0m[22m[23m[24m[27m[28m[29m[39m[49m
[1m[0mINFO[0m[1m[23m[24m[27m[28m[29m[39m[49m[0m[0m[1m[23m[24m[27m[28m[29m[39m[49m[22m [[3m2025-08-14 23:33:43[23m] [38;5;246mTotal runtime: 0.01 minutes[39m[0m[0m[22m[23m[24m[27m[28m[29m[39m[49m
[1m[0mINFO[0m[1m[23m[24m[27m[28m[29m[39m[49m[0m[0m[1m[23m[24m[27m[28m[29m[39m[49m[22m [[3m2025-08-14 23:33:43[23m] [38;5;246mMethods completed: 2 / 2[39m[0m[0m[22m[23m[24m[27m[28m[29m[39m[49m
